OpenBLAS blas_thread_init: pthread_create failed for thread 2 of 48: Resource temporarily unavailable
OpenBLAS blas_thread_init: ensure that your address space and process count limits are big enough (ulimit -a)
OpenBLAS blas_thread_init: or set a smaller OPENBLAS_NUM_THREADS to fit into what you have available
OpenBLAS blas_thread_init: RLIMIT_NPROC 512 current, 512 max
OpenBLAS blas_thread_init: pthread_create failed for thread 3 of 48: Resource temporarily unavailable
OpenBLAS blas_thread_init: ensure that your address space and process count limits are big enough (ulimit -a)
OpenBLAS blas_thread_init: or set a smaller OPENBLAS_NUM_THREADS to fit into what you have available
OpenBLAS blas_thread_init: RLIMIT_NPROC 512 current, 512 max
OpenBLAS blas_thread_init: pthread_create failed for thread 4 of 48: Resource temporarily unavailable
OpenBLAS blas_thread_init: ensure that your address space and process count limits are big enough (ulimit -a)
OpenBLAS blas_thread_init: or set a smaller OPENBLAS_NUM_THREADS to fit into what you have available
OpenBLAS blas_thread_init: RLIMIT_NPROC 512 current, 512 max
OpenBLAS blas_thread_init: pthread_create failed for thread 5 of 48: Resource temporarily unavailable
OpenBLAS blas_thread_init: ensure that your address space and process count limits are big enough (ulimit -a)
OpenBLAS blas_thread_init: or set a smaller OPENBLAS_NUM_THREADS to fit into what you have available
OpenBLAS blas_thread_init: RLIMIT_NPROC 512 current, 512 max
OpenBLAS blas_thread_init: pthread_create failed for thread 6 of 48: Resource temporarily unavailable
OpenBLAS blas_thread_init: ensure that your address space and process count limits are big enough (ulimit -a)
OpenBLAS blas_thread_init: or set a smaller OPENBLAS_NUM_THREADS to fit into what you have available
OpenBLAS blas_thread_init: RLIMIT_NPROC 512 current, 512 max
OpenBLAS blas_thread_init: pthread_create failed for thread 7 of 48: Resource temporarily unavailable
OpenBLAS blas_thread_init: ensure that your address space and process count limits are big enough (ulimit -a)
OpenBLAS blas_thread_init: or set a smaller OPENBLAS_NUM_THREADS to fit into what you have available
OpenBLAS blas_thread_init: RLIMIT_NPROC 512 current, 512 max
OpenBLAS blas_thread_init: pthread_create failed for thread 8 of 48: Resource temporarily unavailable
OpenBLAS blas_thread_init: ensure that your address space and process count limits are big enough (ulimit -a)
OpenBLAS blas_thread_init: or set a smaller OPENBLAS_NUM_THREADS to fit into what you have available
OpenBLAS blas_thread_init: RLIMIT_NPROC 512 current, 512 max
OpenBLAS blas_thread_init: pthread_create failed for thread 9 of 48: Resource temporarily unavailable
OpenBLAS blas_thread_init: ensure that your address space and process count limits are big enough (ulimit -a)
OpenBLAS blas_thread_init: or set a smaller OPENBLAS_NUM_THREADS to fit into what you have available
OpenBLAS blas_thread_init: RLIMIT_NPROC 512 current, 512 max
OpenBLAS blas_thread_init: pthread_create failed for thread 10 of 48: Resource temporarily unavailable
OpenBLAS blas_thread_init: ensure that your address space and process count limits are big enough (ulimit -a)
OpenBLAS blas_thread_init: or set a smaller OPENBLAS_NUM_THREADS to fit into what you have available
OpenBLAS blas_thread_init: RLIMIT_NPROC 512 current, 512 max
OpenBLAS blas_thread_init: pthread_create failed for thread 11 of 48: Resource temporarily unavailable
OpenBLAS blas_thread_init: ensure that your address space and process count limits are big enough (ulimit -a)
OpenBLAS blas_thread_init: or set a smaller OPENBLAS_NUM_THREADS to fit into what you have available
OpenBLAS blas_thread_init: RLIMIT_NPROC 512 current, 512 max
OpenBLAS blas_thread_init: pthread_create failed for thread 12 of 48: Resource temporarily unavailable
OpenBLAS blas_thread_init: ensure that your address space and process count limits are big enough (ulimit -a)
OpenBLAS blas_thread_init: or set a smaller OPENBLAS_NUM_THREADS to fit into what you have available
OpenBLAS blas_thread_init: RLIMIT_NPROC 512 current, 512 max
OpenBLAS blas_thread_init: pthread_create failed for thread 13 of 48: Resource temporarily unavailable
OpenBLAS blas_thread_init: ensure that your address space and process count limits are big enough (ulimit -a)
OpenBLAS blas_thread_init: or set a smaller OPENBLAS_NUM_THREADS to fit into what you have available
OpenBLAS blas_thread_init: RLIMIT_NPROC 512 current, 512 max
OpenBLAS blas_thread_init: pthread_create failed for thread 14 of 48: Resource temporarily unavailable
OpenBLAS blas_thread_init: ensure that your address space and process count limits are big enough (ulimit -a)
OpenBLAS blas_thread_init: or set a smaller OPENBLAS_NUM_THREADS to fit into what you have available
OpenBLAS blas_thread_init: RLIMIT_NPROC 512 current, 512 max
OpenBLAS blas_thread_init: pthread_create failed for thread 15 of 48: Resource temporarily unavailable
OpenBLAS blas_thread_init: ensure that your address space and process count limits are big enough (ulimit -a)
OpenBLAS blas_thread_init: or set a smaller OPENBLAS_NUM_THREADS to fit into what you have available
OpenBLAS blas_thread_init: RLIMIT_NPROC 512 current, 512 max
OpenBLAS blas_thread_init: pthread_create failed for thread 16 of 48: Resource temporarily unavailable
OpenBLAS blas_thread_init: ensure that your address space and process count limits are big enough (ulimit -a)
OpenBLAS blas_thread_init: or set a smaller OPENBLAS_NUM_THREADS to fit into what you have available
OpenBLAS blas_thread_init: RLIMIT_NPROC 512 current, 512 max
OpenBLAS blas_thread_init: pthread_create failed for thread 17 of 48: Resource temporarily unavailable
OpenBLAS blas_thread_init: ensure that your address space and process count limits are big enough (ulimit -a)
OpenBLAS blas_thread_init: or set a smaller OPENBLAS_NUM_THREADS to fit into what you have available
OpenBLAS blas_thread_init: RLIMIT_NPROC 512 current, 512 max
OpenBLAS blas_thread_init: pthread_create failed for thread 18 of 48: Resource temporarily unavailable
OpenBLAS blas_thread_init: ensure that your address space and process count limits are big enough (ulimit -a)
OpenBLAS blas_thread_init: or set a smaller OPENBLAS_NUM_THREADS to fit into what you have available
OpenBLAS blas_thread_init: RLIMIT_NPROC 512 current, 512 max
OpenBLAS blas_thread_init: pthread_create failed for thread 19 of 48: Resource temporarily unavailable
OpenBLAS blas_thread_init: ensure that your address space and process count limits are big enough (ulimit -a)
OpenBLAS blas_thread_init: or set a smaller OPENBLAS_NUM_THREADS to fit into what you have available
OpenBLAS blas_thread_init: RLIMIT_NPROC 512 current, 512 max
OpenBLAS blas_thread_init: pthread_create failed for thread 20 of 48: Resource temporarily unavailable
OpenBLAS blas_thread_init: ensure that your address space and process count limits are big enough (ulimit -a)
OpenBLAS blas_thread_init: or set a smaller OPENBLAS_NUM_THREADS to fit into what you have available
OpenBLAS blas_thread_init: RLIMIT_NPROC 512 current, 512 max
OpenBLAS blas_thread_init: pthread_create failed for thread 21 of 48: Resource temporarily unavailable
OpenBLAS blas_thread_init: ensure that your address space and process count limits are big enough (ulimit -a)
OpenBLAS blas_thread_init: or set a smaller OPENBLAS_NUM_THREADS to fit into what you have available
OpenBLAS blas_thread_init: RLIMIT_NPROC 512 current, 512 max
OpenBLAS blas_thread_init: pthread_create failed for thread 22 of 48: Resource temporarily unavailable
OpenBLAS blas_thread_init: ensure that your address space and process count limits are big enough (ulimit -a)
OpenBLAS blas_thread_init: or set a smaller OPENBLAS_NUM_THREADS to fit into what you have available
OpenBLAS blas_thread_init: RLIMIT_NPROC 512 current, 512 max
OpenBLAS blas_thread_init: pthread_create failed for thread 23 of 48: Resource temporarily unavailable
OpenBLAS blas_thread_init: ensure that your address space and process count limits are big enough (ulimit -a)
OpenBLAS blas_thread_init: or set a smaller OPENBLAS_NUM_THREADS to fit into what you have available
OpenBLAS blas_thread_init: RLIMIT_NPROC 512 current, 512 max
OpenBLAS blas_thread_init: pthread_create failed for thread 24 of 48: Resource temporarily unavailable
OpenBLAS blas_thread_init: ensure that your address space and process count limits are big enough (ulimit -a)
OpenBLAS blas_thread_init: or set a smaller OPENBLAS_NUM_THREADS to fit into what you have available
OpenBLAS blas_thread_init: RLIMIT_NPROC 512 current, 512 max
OpenBLAS blas_thread_init: pthread_create failed for thread 25 of 48: Resource temporarily unavailable
OpenBLAS blas_thread_init: ensure that your address space and process count limits are big enough (ulimit -a)
OpenBLAS blas_thread_init: or set a smaller OPENBLAS_NUM_THREADS to fit into what you have available
OpenBLAS blas_thread_init: RLIMIT_NPROC 512 current, 512 max
OpenBLAS blas_thread_init: pthread_create failed for thread 26 of 48: Resource temporarily unavailable
OpenBLAS blas_thread_init: ensure that your address space and process count limits are big enough (ulimit -a)
OpenBLAS blas_thread_init: or set a smaller OPENBLAS_NUM_THREADS to fit into what you have available
OpenBLAS blas_thread_init: RLIMIT_NPROC 512 current, 512 max
OpenBLAS blas_thread_init: pthread_create failed for thread 27 of 48: Resource temporarily unavailable
OpenBLAS blas_thread_init: ensure that your address space and process count limits are big enough (ulimit -a)
OpenBLAS blas_thread_init: or set a smaller OPENBLAS_NUM_THREADS to fit into what you have available
OpenBLAS blas_thread_init: RLIMIT_NPROC 512 current, 512 max
OpenBLAS blas_thread_init: pthread_create failed for thread 28 of 48: Resource temporarily unavailable
OpenBLAS blas_thread_init: ensure that your address space and process count limits are big enough (ulimit -a)
OpenBLAS blas_thread_init: or set a smaller OPENBLAS_NUM_THREADS to fit into what you have available
OpenBLAS blas_thread_init: RLIMIT_NPROC 512 current, 512 max
OpenBLAS blas_thread_init: pthread_create failed for thread 29 of 48: Resource temporarily unavailable
OpenBLAS blas_thread_init: ensure that your address space and process count limits are big enough (ulimit -a)
OpenBLAS blas_thread_init: or set a smaller OPENBLAS_NUM_THREADS to fit into what you have available
OpenBLAS blas_thread_init: RLIMIT_NPROC 512 current, 512 max
OpenBLAS blas_thread_init: pthread_create failed for thread 30 of 48: Resource temporarily unavailable
OpenBLAS blas_thread_init: ensure that your address space and process count limits are big enough (ulimit -a)
OpenBLAS blas_thread_init: or set a smaller OPENBLAS_NUM_THREADS to fit into what you have available
OpenBLAS blas_thread_init: RLIMIT_NPROC 512 current, 512 max
OpenBLAS blas_thread_init: pthread_create failed for thread 31 of 48: Resource temporarily unavailable
OpenBLAS blas_thread_init: ensure that your address space and process count limits are big enough (ulimit -a)
OpenBLAS blas_thread_init: or set a smaller OPENBLAS_NUM_THREADS to fit into what you have available
OpenBLAS blas_thread_init: RLIMIT_NPROC 512 current, 512 max
OpenBLAS blas_thread_init: pthread_create failed for thread 32 of 48: Resource temporarily unavailable
OpenBLAS blas_thread_init: ensure that your address space and process count limits are big enough (ulimit -a)
OpenBLAS blas_thread_init: or set a smaller OPENBLAS_NUM_THREADS to fit into what you have available
OpenBLAS blas_thread_init: RLIMIT_NPROC 512 current, 512 max
OpenBLAS blas_thread_init: pthread_create failed for thread 33 of 48: Resource temporarily unavailable
OpenBLAS blas_thread_init: ensure that your address space and process count limits are big enough (ulimit -a)
OpenBLAS blas_thread_init: or set a smaller OPENBLAS_NUM_THREADS to fit into what you have available
OpenBLAS blas_thread_init: RLIMIT_NPROC 512 current, 512 max
OpenBLAS blas_thread_init: pthread_create failed for thread 34 of 48: Resource temporarily unavailable
OpenBLAS blas_thread_init: ensure that your address space and process count limits are big enough (ulimit -a)
OpenBLAS blas_thread_init: or set a smaller OPENBLAS_NUM_THREADS to fit into what you have available
OpenBLAS blas_thread_init: RLIMIT_NPROC 512 current, 512 max
OpenBLAS blas_thread_init: pthread_create failed for thread 35 of 48: Resource temporarily unavailable
OpenBLAS blas_thread_init: ensure that your address space and process count limits are big enough (ulimit -a)
OpenBLAS blas_thread_init: or set a smaller OPENBLAS_NUM_THREADS to fit into what you have available
OpenBLAS blas_thread_init: RLIMIT_NPROC 512 current, 512 max
OpenBLAS blas_thread_init: pthread_create failed for thread 36 of 48: Resource temporarily unavailable
OpenBLAS blas_thread_init: ensure that your address space and process count limits are big enough (ulimit -a)
OpenBLAS blas_thread_init: or set a smaller OPENBLAS_NUM_THREADS to fit into what you have available
OpenBLAS blas_thread_init: RLIMIT_NPROC 512 current, 512 max
OpenBLAS blas_thread_init: pthread_create failed for thread 37 of 48: Resource temporarily unavailable
OpenBLAS blas_thread_init: ensure that your address space and process count limits are big enough (ulimit -a)
OpenBLAS blas_thread_init: or set a smaller OPENBLAS_NUM_THREADS to fit into what you have available
OpenBLAS blas_thread_init: RLIMIT_NPROC 512 current, 512 max
OpenBLAS blas_thread_init: pthread_create failed for thread 38 of 48: Resource temporarily unavailable
OpenBLAS blas_thread_init: ensure that your address space and process count limits are big enough (ulimit -a)
OpenBLAS blas_thread_init: or set a smaller OPENBLAS_NUM_THREADS to fit into what you have available
OpenBLAS blas_thread_init: RLIMIT_NPROC 512 current, 512 max
OpenBLAS blas_thread_init: pthread_create failed for thread 39 of 48: Resource temporarily unavailable
OpenBLAS blas_thread_init: ensure that your address space and process count limits are big enough (ulimit -a)
OpenBLAS blas_thread_init: or set a smaller OPENBLAS_NUM_THREADS to fit into what you have available
OpenBLAS blas_thread_init: RLIMIT_NPROC 512 current, 512 max
OpenBLAS blas_thread_init: pthread_create failed for thread 40 of 48: Resource temporarily unavailable
OpenBLAS blas_thread_init: ensure that your address space and process count limits are big enough (ulimit -a)
OpenBLAS blas_thread_init: or set a smaller OPENBLAS_NUM_THREADS to fit into what you have available
OpenBLAS blas_thread_init: RLIMIT_NPROC 512 current, 512 max
OpenBLAS blas_thread_init: pthread_create failed for thread 41 of 48: Resource temporarily unavailable
OpenBLAS blas_thread_init: ensure that your address space and process count limits are big enough (ulimit -a)
OpenBLAS blas_thread_init: or set a smaller OPENBLAS_NUM_THREADS to fit into what you have available
OpenBLAS blas_thread_init: RLIMIT_NPROC 512 current, 512 max
OpenBLAS blas_thread_init: pthread_create failed for thread 42 of 48: Resource temporarily unavailable
OpenBLAS blas_thread_init: ensure that your address space and process count limits are big enough (ulimit -a)
OpenBLAS blas_thread_init: or set a smaller OPENBLAS_NUM_THREADS to fit into what you have available
OpenBLAS blas_thread_init: RLIMIT_NPROC 512 current, 512 max
OpenBLAS blas_thread_init: pthread_create failed for thread 43 of 48: Resource temporarily unavailable
OpenBLAS blas_thread_init: ensure that your address space and process count limits are big enough (ulimit -a)
OpenBLAS blas_thread_init: or set a smaller OPENBLAS_NUM_THREADS to fit into what you have available
OpenBLAS blas_thread_init: RLIMIT_NPROC 512 current, 512 max
OpenBLAS blas_thread_init: pthread_create failed for thread 44 of 48: Resource temporarily unavailable
OpenBLAS blas_thread_init: ensure that your address space and process count limits are big enough (ulimit -a)
OpenBLAS blas_thread_init: or set a smaller OPENBLAS_NUM_THREADS to fit into what you have available
OpenBLAS blas_thread_init: RLIMIT_NPROC 512 current, 512 max
OpenBLAS blas_thread_init: pthread_create failed for thread 45 of 48: Resource temporarily unavailable
OpenBLAS blas_thread_init: ensure that your address space and process count limits are big enough (ulimit -a)
OpenBLAS blas_thread_init: or set a smaller OPENBLAS_NUM_THREADS to fit into what you have available
OpenBLAS blas_thread_init: RLIMIT_NPROC 512 current, 512 max
OpenBLAS blas_thread_init: pthread_create failed for thread 46 of 48: Resource temporarily unavailable
OpenBLAS blas_thread_init: ensure that your address space and process count limits are big enough (ulimit -a)
OpenBLAS blas_thread_init: or set a smaller OPENBLAS_NUM_THREADS to fit into what you have available
OpenBLAS blas_thread_init: RLIMIT_NPROC 512 current, 512 max
OpenBLAS blas_thread_init: pthread_create failed for thread 47 of 48: Resource temporarily unavailable
OpenBLAS blas_thread_init: ensure that your address space and process count limits are big enough (ulimit -a)
OpenBLAS blas_thread_init: or set a smaller OPENBLAS_NUM_THREADS to fit into what you have available
OpenBLAS blas_thread_init: RLIMIT_NPROC 512 current, 512 max
Traceback (most recent call last):
  File "/mnt/sdc/sdc1/yangli/yangli/EEG/bk1/ZTC/search_runs/fused_proto_warmup_selection/src/DMS_SGPAN_ablation_train.py", line 117, in <module>
    main(parser.parse_args())
  File "/mnt/sdc/sdc1/yangli/yangli/EEG/bk1/ZTC/search_runs/fused_proto_warmup_selection/src/DMS_SGPAN_ablation_train.py", line 104, in main
    return DMS_SGPAN_ABLATION_TRAINERS[variant](args)
  File "/mnt/sdc/sdc1/yangli/yangli/EEG/bk1/ZTC/search_runs/fused_proto_warmup_selection/src/DMS_SGPAN_ablation_train.py", line 76, in train_fused_proto
    return _train_ablation(args, "fused_proto")
  File "/mnt/sdc/sdc1/yangli/yangli/EEG/bk1/ZTC/search_runs/fused_proto_warmup_selection/src/DMS_SGPAN_ablation_train.py", line 5, in _train_ablation
    model_cls = DMS_SGPAN_ABLATION_MODELS[variant]
KeyError: 'fused_proto'
